Archive member included to satisfy reference by file (symbol)

F:/Software/Programs/STM32CubeIDE_2.2.0/STM32CubeIDE/plugins/com.st.stm32cube.ide.mcu.externaltools.gnu-tools-for-stm32.14.3.rel1.win32_1.0.100.202602081740/tools/bin/../lib/gcc/arm-none-eabi/14.3.1/../../../../arm-none-eabi/lib/thumb/v7e-m+dp/hard\libc_nano.a(libc_a-exit.o)
                              F:/Software/Programs/STM32CubeIDE_2.2.0/STM32CubeIDE/plugins/com.st.stm32cube.ide.mcu.externaltools.gnu-tools-for-stm32.14.3.rel1.win32_1.0.100.202602081740/tools/bin/../lib/gcc/arm-none-eabi/14.3.1/../../../../arm-none-eabi/lib/thumb/v7e-m+dp/hard/crt0.o (exit)
F:/Software/Programs/STM32CubeIDE_2.2.0/STM32CubeIDE/plugins/com.st.stm32cube.ide.mcu.externaltools.gnu-tools-for-stm32.14.3.rel1.win32_1.0.100.202602081740/tools/bin/../lib/gcc/arm-none-eabi/14.3.1/../../../../arm-none-eabi/lib/thumb/v7e-m+dp/hard\libc_nano.a(libc_a-findfp.o)
                              F:/Software/Programs/STM32CubeIDE_2.2.0/STM32CubeIDE/plugins/com.st.stm32cube.ide.mcu.externaltools.gnu-tools-for-stm32.14.3.rel1.win32_1.0.100.202602081740/tools/bin/../lib/gcc/arm-none-eabi/14.3.1/../../../../arm-none-eabi/lib/thumb/v7e-m+dp/hard\libc_nano.a(libc_a-exit.o) (__stdio_exit_handler)
F:/Software/Programs/STM32CubeIDE_2.2.0/STM32CubeIDE/plugins/com.st.stm32cube.ide.mcu.externaltools.gnu-tools-for-stm32.14.3.rel1.win32_1.0.100.202602081740/tools/bin/../lib/gcc/arm-none-eabi/14.3.1/../../../../arm-none-eabi/lib/thumb/v7e-m+dp/hard\libc_nano.a(libc_a-fwalk.o)
                              F:/Software/Programs/STM32CubeIDE_2.2.0/STM32CubeIDE/plugins/com.st.stm32cube.ide.mcu.externaltools.gnu-tools-for-stm32.14.3.rel1.win32_1.0.100.202602081740/tools/bin/../lib/gcc/arm-none-eabi/14.3.1/../../../../arm-none-eabi/lib/thumb/v7e-m+dp/hard\libc_nano.a(libc_a-findfp.o) (_fwalk_sglue)
F:/Software/Programs/STM32CubeIDE_2.2.0/STM32CubeIDE/plugins/com.st.stm32cube.ide.mcu.externaltools.gnu-tools-for-stm32.14.3.rel1.win32_1.0.100.202602081740/tools/bin/../lib/gcc/arm-none-eabi/14.3.1/../../../../arm-none-eabi/lib/thumb/v7e-m+dp/hard\libc_nano.a(libc_a-stdio.o)
                              F:/Software/Programs/STM32CubeIDE_2.2.0/STM32CubeIDE/plugins/com.st.stm32cube.ide.mcu.externaltools.gnu-tools-for-stm32.14.3.rel1.win32_1.0.100.202602081740/tools/bin/../lib/gcc/arm-none-eabi/14.3.1/../../../../arm-none-eabi/lib/thumb/v7e-m+dp/hard\libc_nano.a(libc_a-findfp.o) (__sread)
F:/Software/Programs/STM32CubeIDE_2.2.0/STM32CubeIDE/plugins/com.st.stm32cube.ide.mcu.externaltools.gnu-tools-for-stm32.14.3.rel1.win32_1.0.100.202602081740/tools/bin/../lib/gcc/arm-none-eabi/14.3.1/../../../../arm-none-eabi/lib/thumb/v7e-m+dp/hard\libc_nano.a(libc_a-memset.o)
                              F:/Software/Programs/STM32CubeIDE_2.2.0/STM32CubeIDE/plugins/com.st.stm32cube.ide.mcu.externaltools.gnu-tools-for-stm32.14.3.rel1.win32_1.0.100.202602081740/tools/bin/../lib/gcc/arm-none-eabi/14.3.1/../../../../arm-none-eabi/lib/thumb/v7e-m+dp/hard/crt0.o (memset)
F:/Software/Programs/STM32CubeIDE_2.2.0/STM32CubeIDE/plugins/com.st.stm32cube.ide.mcu.externaltools.gnu-tools-for-stm32.14.3.rel1.win32_1.0.100.202602081740/tools/bin/../lib/gcc/arm-none-eabi/14.3.1/../../../../arm-none-eabi/lib/thumb/v7e-m+dp/hard\libc_nano.a(libc_a-closer.o)
                              F:/Software/Programs/STM32CubeIDE_2.2.0/STM32CubeIDE/plugins/com.st.stm32cube.ide.mcu.externaltools.gnu-tools-for-stm32.14.3.rel1.win32_1.0.100.202602081740/tools/bin/../lib/gcc/arm-none-eabi/14.3.1/../../../../arm-none-eabi/lib/thumb/v7e-m+dp/hard\libc_nano.a(libc_a-stdio.o) (_close_r)
F:/Software/Programs/STM32CubeIDE_2.2.0/STM32CubeIDE/plugins/com.st.stm32cube.ide.mcu.externaltools.gnu-tools-for-stm32.14.3.rel1.win32_1.0.100.202602081740/tools/bin/../lib/gcc/arm-none-eabi/14.3.1/../../../../arm-none-eabi/lib/thumb/v7e-m+dp/hard\libc_nano.a(libc_a-reent.o)
                              F:/Software/Programs/STM32CubeIDE_2.2.0/STM32CubeIDE/plugins/com.st.stm32cube.ide.mcu.externaltools.gnu-tools-for-stm32.14.3.rel1.win32_1.0.100.202602081740/tools/bin/../lib/gcc/arm-none-eabi/14.3.1/../../../../arm-none-eabi/lib/thumb/v7e-m+dp/hard\libc_nano.a(libc_a-closer.o) (errno)
F:/Software/Programs/STM32CubeIDE_2.2.0/STM32CubeIDE/plugins/com.st.stm32cube.ide.mcu.externaltools.gnu-tools-for-stm32.14.3.rel1.win32_1.0.100.202602081740/tools/bin/../lib/gcc/arm-none-eabi/14.3.1/../../../../arm-none-eabi/lib/thumb/v7e-m+dp/hard\libc_nano.a(libc_a-impure.o)
                              F:/Software/Programs/STM32CubeIDE_2.2.0/STM32CubeIDE/plugins/com.st.stm32cube.ide.mcu.externaltools.gnu-tools-for-stm32.14.3.rel1.win32_1.0.100.202602081740/tools/bin/../lib/gcc/arm-none-eabi/14.3.1/../../../../arm-none-eabi/lib/thumb/v7e-m+dp/hard\libc_nano.a(libc_a-reent.o) (_impure_ptr)
[...]
Memory Configuration

Name             Origin             Length             Attributes
FLASH            0x08000000         0x00200000         xr
DTCMRAM          0x20000000         0x00020000         xrw
RAM_D1           0x24000000         0x00080000         xrw
RAM_D2           0x30000000         0x00048000         xrw
RAM_D3           0x38000000         0x00010000         xrw
ITCMRAM          0x00000000         0x00010000         xrw
*default*        0x00000000         0xffffffff

Linker script and memory map

LOAD F:/Software/Programs/STM32CubeIDE_2.2.0/STM32CubeIDE/plugins/com.st.stm32cube.ide.mcu.externaltools.gnu-tools-for-stm32.14.3.rel1.win32_1.0.100.202602081740/tools/bin/../lib/gcc/arm-none-eabi/14.3.1/thumb/v7e-m+dp/hard/crti.o
LOAD F:/Software/Programs/STM32CubeIDE_2.2.0/STM32CubeIDE/plugins/com.st.stm32cube.ide.mcu.externaltools.gnu-tools-for-stm32.14.3.rel1.win32_1.0.100.202602081740/tools/bin/../lib/gcc/arm-none-eabi/14.3.1/thumb/v7e-m+dp/hard/crtbegin.o
LOAD F:/Software/Programs/STM32CubeIDE_2.2.0/STM32CubeIDE/plugins/com.st.stm32cube.ide.mcu.externaltools.gnu-tools-for-stm32.14.3.rel1.win32_1.0.100.202602081740/tools/bin/../lib/gcc/arm-none-eabi/14.3.1/../../../../arm-none-eabi/lib/thumb/v7e-m+dp/hard/crt0.o
LOAD ./Application/User/Core/gpio.o
LOAD ./Application/User/Core/main.o
LOAD ./Application/User/Core/stm32h7xx_hal_msp.o
LOAD ./Application/User/Core/stm32h7xx_it.o
LOAD ./Application/User/Core/syscalls.o
LOAD ./Application/User/Core/sysmem.o
LOAD ./Application/User/Core/tim.o
LOAD ./Application/User/Startup/startup_stm32h743vitx.o
LOAD ./Drivers/CMSIS/system_stm32h7xx.o
LOAD ./Drivers/STM32H7xx_HAL_Driver/stm32h7xx_hal.o
LOAD ./Drivers/STM32H7xx_HAL_Driver/stm32h7xx_hal_cortex.o
LOAD ./Drivers/STM32H7xx_HAL_Driver/stm32h7xx_hal_dma.o
LOAD ./Drivers/STM32H7xx_HAL_Driver/stm32h7xx_hal_dma_ex.o
LOAD ./Drivers/STM32H7xx_HAL_Driver/stm32h7xx_hal_exti.o
LOAD ./Drivers/STM32H7xx_HAL_Driver/stm32h7xx_hal_flash.o
LOAD ./Drivers/STM32H7xx_HAL_Driver/stm32h7xx_hal_flash_ex.o
LOAD ./Drivers/STM32H7xx_HAL_Driver/stm32h7xx_hal_gpio.o
LOAD ./Drivers/STM32H7xx_HAL_Driver/stm32h7xx_hal_hsem.o
LOAD ./Drivers/STM32H7xx_HAL_Driver/stm32h7xx_hal_i2c.o
LOAD ./Drivers/STM32H7xx_HAL_Driver/stm32h7xx_hal_i2c_ex.o
LOAD ./Drivers/STM32H7xx_HAL_Driver/stm32h7xx_hal_mdma.o
LOAD ./Drivers/STM32H7xx_HAL_Driver/stm32h7xx_hal_pwr.o
LOAD ./Drivers/STM32H7xx_HAL_Driver/stm32h7xx_hal_pwr_ex.o
LOAD ./Drivers/STM32H7xx_HAL_Driver/stm32h7xx_hal_rcc.o
LOAD ./Drivers/STM32H7xx_HAL_Driver/stm32h7xx_hal_rcc_ex.o
LOAD ./Drivers/STM32H7xx_HAL_Driver/stm32h7xx_hal_tim.o
LOAD ./Drivers/STM32H7xx_HAL_Driver/stm32h7xx_hal_tim_ex.o
START GROUP
LOAD F:/Software/Programs/STM32CubeIDE_2.2.0/STM32CubeIDE/plugins/com.st.stm32cube.ide.mcu.externaltools.gnu-tools-for-stm32.14.3.rel1.win32_1.0.100.202602081740/tools/bin/../lib/gcc/arm-none-eabi/14.3.1/../../../../arm-none-eabi/lib/thumb/v7e-m+dp/hard\libc_nano.a
LOAD F:/Software/Programs/STM32CubeIDE_2.2.0/STM32CubeIDE/plugins/com.st.stm32cube.ide.mcu.externaltools.gnu-tools-for-stm32.14.3.rel1.win32_1.0.100.202602081740/tools/bin/../lib/gcc/arm-none-eabi/14.3.1/../../../../arm-none-eabi/lib/thumb/v7e-m+dp/hard\libm.a
END GROUP
START GROUP
LOAD F:/Software/Programs/STM32CubeIDE_2.2.0/STM32CubeIDE/plugins/com.st.stm32cube.ide.mcu.externaltools.gnu-tools-for-stm32.14.3.rel1.win32_1.0.100.202602081740/tools/bin/../lib/gcc/arm-none-eabi/14.3.1/thumb/v7e-m+dp/hard\libgcc.a
LOAD F:/Software/Programs/STM32CubeIDE_2.2.0/STM32CubeIDE/plugins/com.st.stm32cube.ide.mcu.externaltools.gnu-tools-for-stm32.14.3.rel1.win32_1.0.100.202602081740/tools/bin/../lib/gcc/arm-none-eabi/14.3.1/../../../../arm-none-eabi/lib/thumb/v7e-m+dp/hard\libc_nano.a
END GROUP
START GROUP
LOAD F:/Software/Programs/STM32CubeIDE_2.2.0/STM32CubeIDE/plugins/com.st.stm32cube.ide.mcu.externaltools.gnu-tools-for-stm32.14.3.rel1.win32_1.0.100.202602081740/tools/bin/../lib/gcc/arm-none-eabi/14.3.1/thumb/v7e-m+dp/hard\libgcc.a
LOAD F:/Software/Programs/STM32CubeIDE_2.2.0/STM32CubeIDE/plugins/com.st.stm32cube.ide.mcu.externaltools.gnu-tools-for-stm32.14.3.rel1.win32_1.0.100.202602081740/tools/bin/../lib/gcc/arm-none-eabi/14.3.1/../../../../arm-none-eabi/lib/thumb/v7e-m+dp/hard\libc_nano.a
LOAD F:/Software/Programs/STM32CubeIDE_2.2.0/STM32CubeIDE/plugins/com.st.stm32cube.ide.mcu.externaltools.gnu-tools-for-stm32.14.3.rel1.win32_1.0.100.202602081740/tools/bin/../lib/gcc/arm-none-eabi/14.3.1/../../../../arm-none-eabi/lib/thumb/v7e-m+dp/hard\libnosys.a
END GROUP
START GROUP
LOAD F:/Software/Programs/STM32CubeIDE_2.2.0/STM32CubeIDE/plugins/com.st.stm32cube.ide.mcu.externaltools.gnu-tools-for-stm32.14.3.rel1.win32_1.0.100.202602081740/tools/bin/../lib/gcc/arm-none-eabi/14.3.1/thumb/v7e-m+dp/hard\libgcc.a
LOAD F:/Software/Programs/STM32CubeIDE_2.2.0/STM32CubeIDE/plugins/com.st.stm32cube.ide.mcu.externaltools.gnu-tools-for-stm32.14.3.rel1.win32_1.0.100.202602081740/tools/bin/../lib/gcc/arm-none-eabi/14.3.1/../../../../arm-none-eabi/lib/thumb/v7e-m+dp/hard\libc_nano.a
LOAD F:/Software/Programs/STM32CubeIDE_2.2.0/STM32CubeIDE/plugins/com.st.stm32cube.ide.mcu.externaltools.gnu-tools-for-stm32.14.3.rel1.win32_1.0.100.202602081740/tools/bin/../lib/gcc/arm-none-eabi/14.3.1/../../../../arm-none-eabi/lib/thumb/v7e-m+dp/hard\libnosys.a
END GROUP
LOAD F:/Software/Programs/STM32CubeIDE_2.2.0/STM32CubeIDE/plugins/com.st.stm32cube.ide.mcu.externaltools.gnu-tools-for-stm32.14.3.rel1.win32_1.0.100.202602081740/tools/bin/../lib/gcc/arm-none-eabi/14.3.1/thumb/v7e-m+dp/hard/crtend.o
LOAD F:/Software/Programs/STM32CubeIDE_2.2.0/STM32CubeIDE/plugins/com.st.stm32cube.ide.mcu.externaltools.gnu-tools-for-stm32.14.3.rel1.win32_1.0.100.202602081740/tools/bin/../lib/gcc/arm-none-eabi/14.3.1/thumb/v7e-m+dp/hard/crtn.o
                0x24080000                        _estack = (ORIGIN (RAM_D1) + LENGTH (RAM_D1))
                0x00000200                        _Min_Heap_Size = 0x200
                0x00000400                        _Min_Stack_Size = 0x400

.isr_vector     0x08000000      0x298
                0x08000000                        . = ALIGN (0x4)
 *(.isr_vector)
 .isr_vector    0x08000000      0x298 ./Application/User/Startup/startup_stm32h743vitx.o
                0x08000000                g_pfnVectors
                0x08000298                        . = ALIGN (0x4)

.text           0x08000298     0x3100
                0x08000298                        . = ALIGN (0x4)
 *(.text)
 .text          0x08000298       0x40 F:/Software/Programs/STM32CubeIDE_2.2.0/STM32CubeIDE/plugins/com.st.stm32cube.ide.mcu.externaltools.gnu-tools-for-stm32.14.3.rel1.win32_1.0.100.202602081740/tools/bin/../lib/gcc/arm-none-eabi/14.3.1/thumb/v7e-m+dp/hard/crtbegin.o
 *(.text*)
 .text.MX_GPIO_Init
                0x080002d8       0x34 ./Application/User/Core/gpio.o
                0x080002d8                MX_GPIO_Init
 .text.main     0x0800030c       0x60 ./Application/User/Core/main.o
                0x0800030c                main
 .text.SystemClock_Config
                0x0800036c       0xd4 ./Application/User/Core/main.o
                0x0800036c                SystemClock_Config
 .text.MPU_Config
                0x08000440       0x58 ./Application/User/Core/main.o
 .text.Error_Handler
                0x08000498        0xc ./Application/User/Core/main.o
                0x08000498                Error_Handler
 .text.HAL_MspInit
                0x080004a4       0x34 ./Application/User/Core/stm32h7xx_hal_msp.o
                0x080004a4                HAL_MspInit
 .text.NMI_Handler
                0x080004d8        0x8 ./Application/User/Core/stm32h7xx_it.o
                0x080004d8                NMI_Handler
 .text.HardFault_Handler
                0x080004e0        0x8 ./Application/User/Core/stm32h7xx_it.o
                0x080004e0                HardFault_Handler
 .text.MemManage_Handler
                0x080004e8        0x8 ./Application/User/Core/stm32h7xx_it.o
                0x080004e8                MemManage_Handler
 .text.BusFault_Handler
                0x080004f0        0x8 ./Application/User/Core/stm32h7xx_it.o
                0x080004f0                BusFault_Handler
 .text.UsageFault_Handler
                0x080004f8        0x8 ./Application/User/Core/stm32h7xx_it.o
                0x080004f8                UsageFault_Handler
 .text.SVC_Handler
                0x08000500        0xe ./Application/User/Core/stm32h7xx_it.o
                0x08000500                SVC_Handler
 .text.DebugMon_Handler
                0x0800050e        0xe ./Application/User/Core/stm32h7xx_it.o
                0x0800050e                DebugMon_Handler
 .text.PendSV_Handler
                0x0800051c        0xe ./Application/User/Core/stm32h7xx_it.o
                0x0800051c                PendSV_Handler
 .text.SysTick_Handler
                0x0800052a        0xc ./Application/User/Core/stm32h7xx_it.o
                0x0800052a                SysTick_Handler
 *fill*         0x08000536        0x2 
 .text.MX_TIM1_Init
                0x08000538      0x1a4 ./Application/User/Core/tim.o
                0x08000538                MX_TIM1_Init
 .text.HAL_TIM_Base_MspInit
                0x080006dc       0x44 ./Application/User/Core/tim.o
                0x080006dc                HAL_TIM_Base_MspInit
 .text.HAL_TIM_MspPostInit
                0x08000720       0x78 ./Application/User/Core/tim.o
                0x08000720                HAL_TIM_MspPostInit
 .text.Reset_Handler
                0x08000798       0x54 ./Application/User/Startup/startup_stm32h743vitx.o
                0x08000798                Reset_Handler
 .text.Default_Handler
                0x080007ec        0x2 ./Application/User/Startup/startup_stm32h743vitx.o
                0x080007ec                RTC_Alarm_IRQHandler
                0x080007ec                EXTI2_IRQHandler
                0x080007ec                TIM8_CC_IRQHandler
                0x080007ec                HRTIM1_Master_IRQHandler
                0x080007ec                UART8_IRQHandler
                0x080007ec                SPI4_IRQHandler
                0x080007ec                TIM1_CC_IRQHandler
                0x080007ec                BDMA_Channel6_IRQHandler
                0x080007ec                DMA2_Stream5_IRQHandler
                0x080007ec                HRTIM1_FLT_IRQHandler
                0x080007ec                JPEG_IRQHandler
                0x080007ec                DMA1_Stream5_IRQHandler
                0x080007ec                BDMA_Channel1_IRQHandler
                0x080007ec                HRTIM1_TIMD_IRQHandler
                0x080007ec                TAMP_STAMP_IRQHandler
                0x080007ec                EXTI3_IRQHandler
                0x080007ec                LPTIM4_IRQHandler
                0x080007ec                TIM8_TRG_COM_TIM14_IRQHandler
                0x080007ec                LPTIM2_IRQHandler
                0x080007ec                DFSDM1_FLT1_IRQHandler
                0x080007ec                DMAMUX2_OVR_IRQHandler
                0x080007ec                TIM8_UP_TIM13_IRQHandler
                0x080007ec                I2C3_ER_IRQHandler
                0x080007ec                DFSDM1_FLT2_IRQHandler
                0x080007ec                MDMA_IRQHandler
                0x080007ec                LPTIM3_IRQHandler
                0x080007ec                HSEM1_IRQHandler
                0x080007ec                EXTI0_IRQHandler
                0x080007ec                I2C2_EV_IRQHandler
                0x080007ec                DMA1_Stream2_IRQHandler
                0x080007ec                FPU_IRQHandler
                0x080007ec                OTG_HS_WKUP_IRQHandler
                0x080007ec                FDCAN1_IT1_IRQHandler
                0x080007ec                LTDC_ER_IRQHandler
                0x080007ec                DMA2_Stream2_IRQHandler
                0x080007ec                HRTIM1_TIME_IRQHandler
                0x080007ec                SPI1_IRQHandler
                0x080007ec                TIM6_DAC_IRQHandler
                0x080007ec                DCMI_IRQHandler
                0x080007ec                HRTIM1_TIMC_IRQHandler
                0x080007ec                DMA2_Stream3_IRQHandler
                0x080007ec                SAI2_IRQHandler
                0x080007ec                DFSDM1_FLT3_IRQHandler
                0x080007ec                USART6_IRQHandler
                0x080007ec                TIM17_IRQHandler
                0x080007ec                USART3_IRQHandler
                0x080007ec                BDMA_Channel7_IRQHandler
                0x080007ec                LPTIM5_IRQHandler
                0x080007ec                UART5_IRQHandler
                0x080007ec                ADC3_IRQHandler
                0x080007ec                DMA2_Stream0_IRQHandler
                0x080007ec                TIM4_IRQHandler
                0x080007ec                BDMA_Channel2_IRQHandler
                0x080007ec                QUADSPI_IRQHandler
                0x080007ec                I2C1_EV_IRQHandler
                0x080007ec                DMA1_Stream6_IRQHandler
                0x080007ec                DMAMUX1_OVR_IRQHandler
                0x080007ec                DMA1_Stream1_IRQHandler
                0x080007ec                TIM16_IRQHandler
                0x080007ec                UART4_IRQHandler
                0x080007ec                BDMA_Channel5_IRQHandler
                0x080007ec                TIM3_IRQHandler
                0x080007ec                RCC_IRQHandler
                0x080007ec                TIM8_BRK_TIM12_IRQHandler
                0x080007ec                TIM1_TRG_COM_IRQHandler
                0x080007ec                Default_Handler
                0x080007ec                ECC_IRQHandler
                0x080007ec                CEC_IRQHandler
                0x080007ec                EXTI15_10_IRQHandler
                0x080007ec                BDMA_Channel0_IRQHandler
                0x080007ec                ADC_IRQHandler
                0x080007ec                DMA1_Stream7_IRQHandler
                0x080007ec                HRTIM1_TIMA_IRQHandler
                0x080007ec                SPI5_IRQHandler
                0x080007ec                TIM7_IRQHandler
                0x080007ec                SDMMC1_IRQHandler
                0x080007ec                TIM5_IRQHandler
                0x080007ec                DMA2_Stream7_IRQHandler
                0x080007ec                TIM15_IRQHandler
                0x080007ec                PVD_AVD_IRQHandler
                0x080007ec                I2C3_EV_IRQHandler
                0x080007ec                EXTI9_5_IRQHandler
                0x080007ec                RTC_WKUP_IRQHandler
                0x080007ec                LTDC_IRQHandler
                0x080007ec                SAI3_IRQHandler
                0x080007ec                ETH_WKUP_IRQHandler
                0x080007ec                SPDIF_RX_IRQHandler
                0x080007ec                SPI2_IRQHandler
                0x080007ec                OTG_HS_EP1_IN_IRQHandler
                0x080007ec                DMA1_Stream0_IRQHandler
                0x080007ec                CRS_IRQHandler
                0x080007ec                EXTI4_IRQHandler
                0x080007ec                RNG_IRQHandler
                0x080007ec                HRTIM1_TIMB_IRQHandler
                0x080007ec                FDCAN2_IT1_IRQHandler
                0x080007ec                ETH_IRQHandler
                0x080007ec                TIM1_UP_IRQHandler
                0x080007ec                BDMA_Channel4_IRQHandler
                0x080007ec                OTG_HS_EP1_OUT_IRQHandler
                0x080007ec                WWDG_IRQHandler
                0x080007ec                SPI6_IRQHandler
                0x080007ec                MDIOS_IRQHandler
                0x080007ec                I2C4_EV_IRQHandler
                0x080007ec                FDCAN2_IT0_IRQHandler
                0x080007ec                LPUART1_IRQHandler
                0x080007ec                FDCAN1_IT0_IRQHandler
                0x080007ec                TIM2_IRQHandler
                0x080007ec                OTG_FS_WKUP_IRQHandler
                0x080007ec                OTG_HS_IRQHandler
                0x080007ec                DMA2D_IRQHandler
                0x080007ec                TIM1_BRK_IRQHandler
                0x080007ec                EXTI1_IRQHandler
                0x080007ec                SDMMC2_IRQHandler
                0x080007ec                OTG_FS_EP1_OUT_IRQHandler
                0x080007ec                BDMA_Channel3_IRQHandler
                0x080007ec                UART7_IRQHandler
                0x080007ec                MDIOS_WKUP_IRQHandler
                0x080007ec                USART2_IRQHandler
                0x080007ec                DFSDM1_FLT0_IRQHandler
                0x080007ec                SAI4_IRQHandler
                0x080007ec                I2C2_ER_IRQHandler
                0x080007ec                DMA2_Stream1_IRQHandler
                0x080007ec                FLASH_IRQHandler
                0x080007ec                DMA2_Stream4_IRQHandler
                0x080007ec                USART1_IRQHandler
                0x080007ec                OTG_FS_IRQHandler
                0x080007ec                SPI3_IRQHandler
                0x080007ec                WAKEUP_PIN_IRQHandler
                0x080007ec                DMA1_Stream4_IRQHandler
                0x080007ec                OTG_FS_EP1_IN_IRQHandler
                0x080007ec                I2C1_ER_IRQHandler
                0x080007ec                FMC_IRQHandler
                0x080007ec                FDCAN_CAL_IRQHandler
                0x080007ec                SWPMI1_IRQHandler
                0x080007ec                COMP1_IRQHandler
                0x080007ec                LPTIM1_IRQHandler
                0x080007ec                I2C4_ER_IRQHandler
                0x080007ec                DMA2_Stream6_IRQHandler
                0x080007ec                SAI1_IRQHandler
                0x080007ec                DMA1_Stream3_IRQHandler
 *fill*         0x080007ee        0x2 
 .text.SystemInit
                0x080007f0      0x140 ./Drivers/CMSIS/system_stm32h7xx.o
                0x080007f0                SystemInit
 .text.ExitRun0Mode
                0x08000930       0x18 ./Drivers/CMSIS/system_stm32h7xx.o
                0x08000930                ExitRun0Mode
 .text.HAL_Init
                0x08000948       0x78 ./Drivers/STM32H7xx_HAL_Driver/stm32h7xx_hal.o
                0x08000948                HAL_Init
 .text.HAL_InitTick
                0x080009c0       0x6c ./Drivers/STM32H7xx_HAL_Driver/stm32h7xx_hal.o
                0x080009c0                HAL_InitTick
 .text.HAL_IncTick
                0x08000a2c       0x28 ./Drivers/STM32H7xx_HAL_Driver/stm32h7xx_hal.o
                0x08000a2c                HAL_IncTick
 .text.HAL_GetTick
                0x08000a54       0x18 ./Drivers/STM32H7xx_HAL_Driver/stm32h7xx_hal.o
                0x08000a54                HAL_GetTick
 .text.HAL_Delay
                0x08000a6c       0x48 ./Drivers/STM32H7xx_HAL_Driver/stm32h7xx_hal.o
                0x08000a6c                HAL_Delay
 .text.HAL_GetREVID
                0x08000ab4       0x18 ./Drivers/STM32H7xx_HAL_Driver/stm32h7xx_hal.o
                0x08000ab4                HAL_GetREVID
 .text.__NVIC_SetPriorityGrouping
                0x08000acc       0x48 ./Drivers/STM32H7xx_HAL_Driver/stm32h7xx_hal_cortex.o
 .text.__NVIC_GetPriorityGrouping
                0x08000b14       0x1c ./Drivers/STM32H7xx_HAL_Driver/stm32h7xx_hal_cortex.o
 .text.__NVIC_SetPriority
                0x08000b30       0x54 ./Drivers/STM32H7xx_HAL_Driver/stm32h7xx_hal_cortex.o
 .text.NVIC_EncodePriority
                0x08000b84       0x66 ./Drivers/STM32H7xx_HAL_Driver/stm32h7xx_hal_cortex.o
 *fill*         0x08000bea        0x2 
 .text.SysTick_Config
                0x08000bec       0x44 ./Drivers/STM32H7xx_HAL_Driver/stm32h7xx_hal_cortex.o
 .text.HAL_NVIC_SetPriorityGrouping
                0x08000c30       0x16 ./Drivers/STM32H7xx_HAL_Driver/stm32h7xx_hal_cortex.o
                0x08000c30                HAL_NVIC_SetPriorityGrouping
 .text.HAL_NVIC_SetPriority
                0x08000c46       0x34 ./Drivers/STM32H7xx_HAL_Driver/stm32h7xx_hal_cortex.o
                0x08000c46                HAL_NVIC_SetPriority
 .text.HAL_SYSTICK_Config
                0x08000c7a       0x18 ./Drivers/STM32H7xx_HAL_Driver/stm32h7xx_hal_cortex.o
                0x08000c7a                HAL_SYSTICK_Config
 *fill*         0x08000c92        0x2 
 .text.HAL_MPU_Disable
                0x08000c94       0x30 ./Drivers/STM32H7xx_HAL_Driver/stm32h7xx_hal_cortex.o
                0x08000c94                HAL_MPU_Disable
 .text.HAL_MPU_Enable
                0x08000cc4       0x40 ./Drivers/STM32H7xx_HAL_Driver/stm32h7xx_hal_cortex.o
                0x08000cc4                HAL_MPU_Enable
 .text.HAL_MPU_ConfigRegion
                0x08000d04       0x80 ./Drivers/STM32H7xx_HAL_Driver/stm32h7xx_hal_cortex.o
                0x08000d04                HAL_MPU_ConfigRegion
 .text.HAL_GPIO_Init
                0x08000d84      0x374 ./Drivers/STM32H7xx_HAL_Driver/stm32h7xx_hal_gpio.o
                0x08000d84                HAL_GPIO_Init
 .text.HAL_PWREx_ConfigSupply
                0x080010f8       0x74 ./Drivers/STM32H7xx_HAL_Driver/stm32h7xx_hal_pwr_ex.o
                0x080010f8                HAL_PWREx_ConfigSupply
 .text.HAL_RCC_OscConfig
                0x0800116c      0x8b4 ./Drivers/STM32H7xx_HAL_Driver/stm32h7xx_hal_rcc.o
                0x0800116c                HAL_RCC_OscConfig
 .text.HAL_RCC_ClockConfig
                0x08001a20      0x36c ./Drivers/STM32H7xx_HAL_Driver/stm32h7xx_hal_rcc.o
                0x08001a20                HAL_RCC_ClockConfig
 .text.HAL_RCC_GetSysClockFreq
                0x08001d8c      0x2f4 ./Drivers/STM32H7xx_HAL_Driver/stm32h7xx_hal_rcc.o
                0x08001d8c                HAL_RCC_GetSysClockFreq
 .text.HAL_TIM_Base_Init
                0x08002080       0xae ./Drivers/STM32H7xx_HAL_Driver/stm32h7xx_hal_tim.o
                0x08002080                HAL_TIM_Base_Init
 .text.HAL_TIM_PWM_Init
                0x0800212e       0xae ./Drivers/STM32H7xx_HAL_Driver/stm32h7xx_hal_tim.o
                0x0800212e                HAL_TIM_PWM_Init
 .text.HAL_TIM_PWM_MspInit
                0x080021dc       0x14 ./Drivers/STM32H7xx_HAL_Driver/stm32h7xx_hal_tim.o
                0x080021dc                HAL_TIM_PWM_MspInit
 .text.HAL_TIM_PWM_Start
                0x080021f0      0x21c ./Drivers/STM32H7xx_HAL_Driver/stm32h7xx_hal_tim.o
                0x080021f0                HAL_TIM_PWM_Start
 .text.HAL_TIM_PWM_ConfigChannel
                0x0800240c      0x228 ./Drivers/STM32H7xx_HAL_Driver/stm32h7xx_hal_tim.o
                0x0800240c                HAL_TIM_PWM_ConfigChannel
 .text.HAL_TIM_ConfigClockSource
                0x08002634      0x1f0 ./Drivers/STM32H7xx_HAL_Driver/stm32h7xx_hal_tim.o
                0x08002634                HAL_TIM_ConfigClockSource
 .text.TIM_Base_SetConfig
                0x08002824      0x140 ./Drivers/STM32H7xx_HAL_Driver/stm32h7xx_hal_tim.o
                0x08002824                TIM_Base_SetConfig
 .text.TIM_OC1_SetConfig
                0x08002964      0x124 ./Drivers/STM32H7xx_HAL_Driver/stm32h7xx_hal_tim.o
 .text.TIM_OC2_SetConfig
                0x08002a88      0x118 ./Drivers/STM32H7xx_HAL_Driver/stm32h7xx_hal_tim.o
                0x08002a88                TIM_OC2_SetConfig
 .text.TIM_OC3_SetConfig
                0x08002ba0      0x114 ./Drivers/STM32H7xx_HAL_Driver/stm32h7xx_hal_tim.o
 .text.TIM_OC4_SetConfig
                0x08002cb4       0xd4 ./Drivers/STM32H7xx_HAL_Driver/stm32h7xx_hal_tim.o
 .text.TIM_OC5_SetConfig
                0x08002d88       0xc8 ./Drivers/STM32H7xx_HAL_Driver/stm32h7xx_hal_tim.o
 .text.TIM_OC6_SetConfig
                0x08002e50       0xcc ./Drivers/STM32H7xx_HAL_Driver/stm32h7xx_hal_tim.o
 .text.TIM_TI1_ConfigInputStage
                0x08002f1c       0xa8 ./Drivers/STM32H7xx_HAL_Driver/stm32h7xx_hal_tim.o
 .text.TIM_TI2_ConfigInputStage
                0x08002fc4       0x84 ./Drivers/STM32H7xx_HAL_Driver/stm32h7xx_hal_tim.o
 .text.TIM_ITRx_SetConfig
                0x08003048       0x3c ./Drivers/STM32H7xx_HAL_Driver/stm32h7xx_hal_tim.o
 .text.TIM_ETR_SetConfig
                0x08003084       0x40 ./Drivers/STM32H7xx_HAL_Driver/stm32h7xx_hal_tim.o
                0x08003084                TIM_ETR_SetConfig
 .text.TIM_CCxChannelCmd
                0x080030c4       0x4a ./Drivers/STM32H7xx_HAL_Driver/stm32h7xx_hal_tim.o
                0x080030c4                TIM_CCxChannelCmd
 *fill*         0x0800310e        0x2 
 .text.HAL_TIMEx_MasterConfigSynchronization
                0x08003110      0x11c ./Drivers/STM32H7xx_HAL_Driver/stm32h7xx_hal_tim_ex.o
                0x08003110                HAL_TIMEx_MasterConfigSynchronization
 .text.HAL_TIMEx_ConfigBreakDeadTime
                0x0800322c       0xfc ./Drivers/STM32H7xx_HAL_Driver/stm32h7xx_hal_tim_ex.o
                0x0800322c                HAL_TIMEx_ConfigBreakDeadTime
 .text.memset   0x08003328       0x10 F:/Software/Programs/STM32CubeIDE_2.2.0/STM32CubeIDE/plugins/com.st.stm32cube.ide.mcu.externaltools.gnu-tools-for-stm32.14.3.rel1.win32_1.0.100.202602081740/tools/bin/../lib/gcc/arm-none-eabi/14.3.1/../../../../arm-none-eabi/lib/thumb/v7e-m+dp/hard\libc_nano.a(libc_a-memset.o)
                0x08003328                memset
 .text.__libc_init_array
                0x08003338       0x48 F:/Software/Programs/STM32CubeIDE_2.2.0/STM32CubeIDE/plugins/com.st.stm32cube.ide.mcu.externaltools.gnu-tools-for-stm32.14.3.rel1.win32_1.0.100.202602081740/tools/bin/../lib/gcc/arm-none-eabi/14.3.1/../../../../arm-none-eabi/lib/thumb/v7e-m+dp/hard\libc_nano.a(libc_a-init.o)
                0x08003338                __libc_init_array
 *(.glue_7)
 .glue_7        0x08003380        0x0 linker stubs
 *(.glue_7t)
 .glue_7t       0x08003380        0x0 linker stubs
 *(.eh_frame)
 .eh_frame      0x08003380        0x0 F:/Software/Programs/STM32CubeIDE_2.2.0/STM32CubeIDE/plugins/com.st.stm32cube.ide.mcu.externaltools.gnu-tools-for-stm32.14.3.rel1.win32_1.0.100.202602081740/tools/bin/../lib/gcc/arm-none-eabi/14.3.1/thumb/v7e-m+dp/hard/crtbegin.o
 *(.init)
 .init          0x08003380        0x4 F:/Software/Programs/STM32CubeIDE_2.2.0/STM32CubeIDE/plugins/com.st.stm32cube.ide.mcu.externaltools.gnu-tools-for-stm32.14.3.rel1.win32_1.0.100.202602081740/tools/bin/../lib/gcc/arm-none-eabi/14.3.1/thumb/v7e-m+dp/hard/crti.o
                0x08003380                _init
 .init          0x08003384        0x8 F:/Software/Programs/STM32CubeIDE_2.2.0/STM32CubeIDE/plugins/com.st.stm32cube.ide.mcu.externaltools.gnu-tools-for-stm32.14.3.rel1.win32_1.0.100.202602081740/tools/bin/../lib/gcc/arm-none-eabi/14.3.1/thumb/v7e-m+dp/hard/crtn.o
 *(.fini)
 .fini          0x0800338c        0x4 F:/Software/Programs/STM32CubeIDE_2.2.0/STM32CubeIDE/plugins/com.st.stm32cube.ide.mcu.externaltools.gnu-tools-for-stm32.14.3.rel1.win32_1.0.100.202602081740/tools/bin/../lib/gcc/arm-none-eabi/14.3.1/thumb/v7e-m+dp/hard/crti.o
                0x0800338c                _fini
 .fini          0x08003390        0x8 F:/Software/Programs/STM32CubeIDE_2.2.0/STM32CubeIDE/plugins/com.st.stm32cube.ide.mcu.externaltools.gnu-tools-for-stm32.14.3.rel1.win32_1.0.100.202602081740/tools/bin/../lib/gcc/arm-none-eabi/14.3.1/thumb/v7e-m+dp/hard/crtn.o
                0x08003398                        . = ALIGN (0x4)
                0x08003398                        _etext = .

.vfp11_veneer   0x08003398        0x0
 .vfp11_veneer  0x08003398        0x0 linker stubs

.v4_bx          0x08003398        0x0
 .v4_bx         0x08003398        0x0 linker stubs

.iplt           0x08003398        0x0
 .iplt          0x08003398        0x0 F:/Software/Programs/STM32CubeIDE_2.2.0/STM32CubeIDE/plugins/com.st.stm32cube.ide.mcu.externaltools.gnu-tools-for-stm32.14.3.rel1.win32_1.0.100.202602081740/tools/bin/../lib/gcc/arm-none-eabi/14.3.1/thumb/v7e-m+dp/hard/crtbegin.o

.rodata         0x08003398       0x10
                0x08003398                        . = ALIGN (0x4)
 *(.rodata)
 *(.rodata*)
 .rodata.D1CorePrescTable
                0x08003398       0x10 ./Drivers/CMSIS/system_stm32h7xx.o
                0x08003398                D1CorePrescTable
                0x080033a8                        . = ALIGN (0x4)

.ARM.extab
 *(.ARM.extab* .gnu.linkonce.armextab.*)

.ARM            0x080033a8        0x0
                0x080033a8                        __exidx_start = .
 *(.ARM.exidx*)
                0x080033a8                        __exidx_end = .

.preinit_array  0x080033a8        0x0
                0x080033a8                        PROVIDE (__preinit_array_start = .)
 *(.preinit_array*)
                0x080033a8                        PROVIDE (__preinit_array_end = .)

.init_array     0x080033a8        0x4
                0x080033a8                        PROVIDE (__init_array_start = .)
 *(SORT_BY_NAME(.init_array.*))
 *(.init_array*)
 .init_array    0x080033a8        0x4 F:/Software/Programs/STM32CubeIDE_2.2.0/STM32CubeIDE/plugins/com.st.stm32cube.ide.mcu.externaltools.gnu-tools-for-stm32.14.3.rel1.win32_1.0.100.202602081740/tools/bin/../lib/gcc/arm-none-eabi/14.3.1/thumb/v7e-m+dp/hard/crtbegin.o
                0x080033ac                        PROVIDE (__init_array_end = .)

.fini_array     0x080033ac        0x4
                [!provide]                        PROVIDE (__fini_array_start = .)
 *(SORT_BY_NAME(.fini_array.*))
 *(.fini_array*)
 .fini_array    0x080033ac        0x4 F:/Software/Programs/STM32CubeIDE_2.2.0/STM32CubeIDE/plugins/com.st.stm32cube.ide.mcu.externaltools.gnu-tools-for-stm32.14.3.rel1.win32_1.0.100.202602081740/tools/bin/../lib/gcc/arm-none-eabi/14.3.1/thumb/v7e-m+dp/hard/crtbegin.o
                [!provide]                        PROVIDE (__fini_array_end = .)
                0x080033b0                        _sidata = LOADADDR (.data)

.rel.dyn        0x080033b0        0x0
 .rel.iplt      0x080033b0        0x0 F:/Software/Programs/STM32CubeIDE_2.2.0/STM32CubeIDE/plugins/com.st.stm32cube.ide.mcu.externaltools.gnu-tools-for-stm32.14.3.rel1.win32_1.0.100.202602081740/tools/bin/../lib/gcc/arm-none-eabi/14.3.1/thumb/v7e-m+dp/hard/crtbegin.o

.data           0x24000000       0x10 load address 0x080033b0
                0x24000000                        . = ALIGN (0x4)
                0x24000000                        _sdata = .
 *(.data)
 *(.data*)
 .data.SystemCoreClock
                0x24000000        0x4 ./Drivers/CMSIS/system_stm32h7xx.o
                0x24000000                SystemCoreClock
 .data.SystemD2Clock
                0x24000004        0x4 ./Drivers/CMSIS/system_stm32h7xx.o
                0x24000004                SystemD2Clock
 .data.uwTickPrio
                0x24000008        0x4 ./Drivers/STM32H7xx_HAL_Driver/stm32h7xx_hal.o
                0x24000008                uwTickPrio
 .data.uwTickFreq
                0x2400000c        0x1 ./Drivers/STM32H7xx_HAL_Driver/stm32h7xx_hal.o
                0x2400000c                uwTickFreq
 *(.RamFunc)
 *(.RamFunc*)
                0x24000010                        . = ALIGN (0x4)
 *fill*         0x2400000d        0x3 
                0x24000010                        _edata = .

.igot.plt       0x24000010        0x0 load address 0x080033c0
 .igot.plt      0x24000010        0x0 F:/Software/Programs/STM32CubeIDE_2.2.0/STM32CubeIDE/plugins/com.st.stm32cube.ide.mcu.externaltools.gnu-tools-for-stm32.14.3.rel1.win32_1.0.100.202602081740/tools/bin/../lib/gcc/arm-none-eabi/14.3.1/thumb/v7e-m+dp/hard/crtbegin.o
                0x24000010                        . = ALIGN (0x4)

.bss            0x24000010       0x6c load address 0x080033c0
                0x24000010                        _sbss = .
                0x24000010                        __bss_start__ = _sbss
 *(.bss)
 .bss           0x24000010       0x1c F:/Software/Programs/STM32CubeIDE_2.2.0/STM32CubeIDE/plugins/com.st.stm32cube.ide.mcu.externaltools.gnu-tools-for-stm32.14.3.rel1.win32_1.0.100.202602081740/tools/bin/../lib/gcc/arm-none-eabi/14.3.1/thumb/v7e-m+dp/hard/crtbegin.o
 *(.bss*)
 .bss.htim1     0x2400002c       0x4c ./Application/User/Core/tim.o
                0x2400002c                htim1
 .bss.uwTick    0x24000078        0x4 ./Drivers/STM32H7xx_HAL_Driver/stm32h7xx_hal.o
                0x24000078                uwTick
 *(COMMON)
                0x2400007c                        . = ALIGN (0x4)
                0x2400007c                        _ebss = .
                0x2400007c                        __bss_end__ = _ebss

._user_heap_stack
                0x2400007c      0x604 load address 0x080033c0
                0x24000080                        . = ALIGN (0x8)
 *fill*         0x2400007c        0x4 
                [!provide]                        PROVIDE (end = .)
                0x24000080                        PROVIDE (_end = .)
                0x24000280                        . = (. + _Min_Heap_Size)
 *fill*         0x24000080      0x200 
                0x24000680                        . = (. + _Min_Stack_Size)
 *fill*         0x24000280      0x400 
                0x24000680                        . = ALIGN (0x8)

/DISCARD/
 libc.a(*)
 libm.a(*)
 libgcc.a(*)

.ARM.attributes
                0x00000000       0x2e
 *(.ARM.attributes)
 .ARM.attributes
                0x00000000       0x20 F:/Software/Programs/STM32CubeIDE_2.2.0/STM32CubeIDE/plugins/com.st.stm32cube.ide.mcu.externaltools.gnu-tools-for-stm32.14.3.rel1.win32_1.0.100.202602081740/tools/bin/../lib/gcc/arm-none-eabi/14.3.1/thumb/v7e-m+dp/hard/crti.o
 .ARM.attributes
                0x00000020       0x32 F:/Software/Programs/STM32CubeIDE_2.2.0/STM32CubeIDE/plugins/com.st.stm32cube.ide.mcu.externaltools.gnu-tools-for-stm32.14.3.rel1.win32_1.0.100.202602081740/tools/bin/../lib/gcc/arm-none-eabi/14.3.1/thumb/v7e-m+dp/hard/crtbegin.o
 .ARM.attributes
                0x00000052       0x32 ./Application/User/Core/gpio.o
 .ARM.attributes
                0x00000084       0x32 ./Application/User/Core/main.o
 .ARM.attributes
                0x000000b6       0x32 ./Application/User/Core/stm32h7xx_hal_msp.o
 .ARM.attributes
                0x000000e8       0x32 ./Application/User/Core/stm32h7xx_it.o
 .ARM.attributes
                0x0000011a       0x32 ./Application/User/Core/tim.o
 .ARM.attributes
                0x0000014c       0x21 ./Application/User/Startup/startup_stm32h743vitx.o
 .ARM.attributes
                0x0000016d       0x32 ./Drivers/CMSIS/system_stm32h7xx.o
 .ARM.attributes
                0x0000019f       0x32 ./Drivers/STM32H7xx_HAL_Driver/stm32h7xx_hal.o
 .ARM.attributes
                0x000001d1       0x32 ./Drivers/STM32H7xx_HAL_Driver/stm32h7xx_hal_cortex.o
 .ARM.attributes
                0x00000203       0x32 ./Drivers/STM32H7xx_HAL_Driver/stm32h7xx_hal_gpio.o
 .ARM.attributes
                0x00000235       0x32 ./Drivers/STM32H7xx_HAL_Driver/stm32h7xx_hal_pwr_ex.o
 .ARM.attributes
                0x00000267       0x32 ./Drivers/STM32H7xx_HAL_Driver/stm32h7xx_hal_rcc.o
 .ARM.attributes
                0x00000299       0x32 ./Drivers/STM32H7xx_HAL_Driver/stm32h7xx_hal_tim.o
 .ARM.attributes
                0x000002cb       0x32 ./Drivers/STM32H7xx_HAL_Driver/stm32h7xx_hal_tim_ex.o
 .ARM.attributes
                0x000002fd       0x32 F:/Software/Programs/STM32CubeIDE_2.2.0/STM32CubeIDE/plugins/com.st.stm32cube.ide.mcu.externaltools.gnu-tools-for-stm32.14.3.rel1.win32_1.0.100.202602081740/tools/bin/../lib/gcc/arm-none-eabi/14.3.1/../../../../arm-none-eabi/lib/thumb/v7e-m+dp/hard\libc_nano.a(libc_a-memset.o)
 .ARM.attributes
                0x0000032f       0x32 F:/Software/Programs/STM32CubeIDE_2.2.0/STM32CubeIDE/plugins/com.st.stm32cube.ide.mcu.externaltools.gnu-tools-for-stm32.14.3.rel1.win32_1.0.100.202602081740/tools/bin/../lib/gcc/arm-none-eabi/14.3.1/../../../../arm-none-eabi/lib/thumb/v7e-m+dp/hard\libc_nano.a(libc_a-init.o)
 .ARM.attributes
                0x00000361       0x20 F:/Software/Programs/STM32CubeIDE_2.2.0/STM32CubeIDE/plugins/com.st.stm32cube.ide.mcu.externaltools.gnu-tools-for-stm32.14.3.rel1.win32_1.0.100.202602081740/tools/bin/../lib/gcc/arm-none-eabi/14.3.1/thumb/v7e-m+dp/hard/crtn.o
OUTPUT(motor_test.elf elf32-littlearm)
LOAD linker stubs
LOAD F:/Software/Programs/STM32CubeIDE_2.2.0/STM32CubeIDE/plugins/com.st.stm32cube.ide.mcu.externaltools.gnu-tools-for-stm32.14.3.rel1.win32_1.0.100.202602081740/tools/bin/../lib/gcc/arm-none-eabi/14.3.1/../../../../arm-none-eabi/lib/thumb/v7e-m+dp/hard\libc.a
LOAD F:/Software/Programs/STM32CubeIDE_2.2.0/STM32CubeIDE/plugins/com.st.stm32cube.ide.mcu.externaltools.gnu-tools-for-stm32.14.3.rel1.win32_1.0.100.202602081740/tools/bin/../lib/gcc/arm-none-eabi/14.3.1/../../../../arm-none-eabi/lib/thumb/v7e-m+dp/hard\libm.a
LOAD F:/Software/Programs/STM32CubeIDE_2.2.0/STM32CubeIDE/plugins/com.st.stm32cube.ide.mcu.externaltools.gnu-tools-for-stm32.14.3.rel1.win32_1.0.100.202602081740/tools/bin/../lib/gcc/arm-none-eabi/14.3.1/thumb/v7e-m+dp/hard\libgcc.a

.debug_info     0x00000000     0xcaa0
 .debug_info    0x00000000      0x464 ./Application/User/Core/gpio.o
 .debug_info    0x00000464      0xe22 ./Application/User/Core/main.o
 .debug_info    0x00001286      0x464 ./Application/User/Core/stm32h7xx_hal_msp.o
 .debug_info    0x000016ea      0x128 ./Application/User/Core/stm32h7xx_it.o
 .debug_info    0x00001812     0x101c ./Application/User/Core/tim.o
 .debug_info    0x0000282e       0x30 ./Application/User/Startup/startup_stm32h743vitx.o
 .debug_info    0x0000285e      0xdc1 ./Drivers/CMSIS/system_stm32h7xx.o
 .debug_info    0x0000361f     0x153b ./Drivers/STM32H7xx_HAL_Driver/stm32h7xx_hal.o
 .debug_info    0x00004b5a     0x10be ./Drivers/STM32H7xx_HAL_Driver/stm32h7xx_hal_cortex.o
 .debug_info    0x00005c18      0xc5a ./Drivers/STM32H7xx_HAL_Driver/stm32h7xx_hal_gpio.o
 .debug_info    0x00006872     0x1021 ./Drivers/STM32H7xx_HAL_Driver/stm32h7xx_hal_pwr_ex.o
 .debug_info    0x00007893      0xe74 ./Drivers/STM32H7xx_HAL_Driver/stm32h7xx_hal_rcc.o
 .debug_info    0x00008707     0x2bae ./Drivers/STM32H7xx_HAL_Driver/stm32h7xx_hal_tim.o
 .debug_info    0x0000b2b5     0x17eb ./Drivers/STM32H7xx_HAL_Driver/stm32h7xx_hal_tim_ex.o

.debug_abbrev   0x00000000     0x1ab2
 .debug_abbrev  0x00000000       0xdb ./Application/User/Core/gpio.o
 .debug_abbrev  0x000000db      0x28f ./Application/User/Core/main.o
 .debug_abbrev  0x0000036a       0xdb ./Application/User/Core/stm32h7xx_hal_msp.o
 .debug_abbrev  0x00000445       0x73 ./Application/User/Core/stm32h7xx_it.o
 .debug_abbrev  0x000004b8      0x238 ./Application/User/Core/tim.o
 .debug_abbrev  0x000006f0       0x24 ./Application/User/Startup/startup_stm32h743vitx.o
 .debug_abbrev  0x00000714      0x165 ./Drivers/CMSIS/system_stm32h7xx.o
 .debug_abbrev  0x00000879      0x295 ./Drivers/STM32H7xx_HAL_Driver/stm32h7xx_hal.o
 .debug_abbrev  0x00000b0e      0x339 ./Drivers/STM32H7xx_HAL_Driver/stm32h7xx_hal_cortex.o
 .debug_abbrev  0x00000e47      0x205 ./Drivers/STM32H7xx_HAL_Driver/stm32h7xx_hal_gpio.o
 .debug_abbrev  0x0000104c      0x2a7 ./Drivers/STM32H7xx_HAL_Driver/stm32h7xx_hal_pwr_ex.o
 .debug_abbrev  0x000012f3      0x2c8 ./Drivers/STM32H7xx_HAL_Driver/stm32h7xx_hal_rcc.o
 .debug_abbrev  0x000015bb      0x276 ./Drivers/STM32H7xx_HAL_Driver/stm32h7xx_hal_tim.o
 .debug_abbrev  0x00001831      0x281 ./Drivers/STM32H7xx_HAL_Driver/stm32h7xx_hal_tim_ex.o

.debug_aranges  0x00000000      0xbd0
 .debug_aranges
                0x00000000       0x20 ./Application/User/Core/gpio.o
 .debug_aranges
                0x00000020       0x38 ./Application/User/Core/main.o
 .debug_aranges
                0x00000058       0x20 ./Application/User/Core/stm32h7xx_hal_msp.o
 .debug_aranges
                0x00000078       0x60 ./Application/User/Core/stm32h7xx_it.o
 .debug_aranges
                0x000000d8       0x38 ./Application/User/Core/tim.o
 .debug_aranges
                0x00000110       0x28 ./Application/User/Startup/startup_stm32h743vitx.o
 .debug_aranges
                0x00000138       0x30 ./Drivers/CMSIS/system_stm32h7xx.o
 .debug_aranges
                0x00000168      0x198 ./Drivers/STM32H7xx_HAL_Driver/stm32h7xx_hal.o
 .debug_aranges
                0x00000300      0x130 ./Drivers/STM32H7xx_HAL_Driver/stm32h7xx_hal_cortex.o
 .debug_aranges
                0x00000430       0x58 ./Drivers/STM32H7xx_HAL_Driver/stm32h7xx_hal_gpio.o
 .debug_aranges
                0x00000488      0x158 ./Drivers/STM32H7xx_HAL_Driver/stm32h7xx_hal_pwr_ex.o
 .debug_aranges
                0x000005e0       0x88 ./Drivers/STM32H7xx_HAL_Driver/stm32h7xx_hal_rcc.o
 .debug_aranges
                0x00000668      0x3e0 ./Drivers/STM32H7xx_HAL_Driver/stm32h7xx_hal_tim.o
 .debug_aranges
                0x00000a48      0x188 ./Drivers/STM32H7xx_HAL_Driver/stm32h7xx_hal_tim_ex.o

.debug_rnglists
                0x00000000      0x915
 .debug_rnglists
                0x00000000       0x13 ./Application/User/Core/gpio.o
 .debug_rnglists
                0x00000013       0x26 ./Application/User/Core/main.o
 .debug_rnglists
                0x00000039       0x13 ./Application/User/Core/stm32h7xx_hal_msp.o
 .debug_rnglists
                0x0000004c       0x43 ./Application/User/Core/stm32h7xx_it.o
 .debug_rnglists
                0x0000008f       0x26 ./Application/User/Core/tim.o
 .debug_rnglists
                0x000000b5       0x19 ./Application/User/Startup/startup_stm32h743vitx.o
 .debug_rnglists
                0x000000ce       0x21 ./Drivers/CMSIS/system_stm32h7xx.o
 .debug_rnglists
                0x000000ef      0x131 ./Drivers/STM32H7xx_HAL_Driver/stm32h7xx_hal.o
 .debug_rnglists
                0x00000220       0xe0 ./Drivers/STM32H7xx_HAL_Driver/stm32h7xx_hal_cortex.o
 .debug_rnglists
                0x00000300       0x3f ./Drivers/STM32H7xx_HAL_Driver/stm32h7xx_hal_gpio.o
 .debug_rnglists
                0x0000033f      0x103 ./Drivers/STM32H7xx_HAL_Driver/stm32h7xx_hal_pwr_ex.o
 .debug_rnglists
                0x00000442       0x68 ./Drivers/STM32H7xx_HAL_Driver/stm32h7xx_hal_rcc.o
 .debug_rnglists
                0x000004aa      0x32c ./Drivers/STM32H7xx_HAL_Driver/stm32h7xx_hal_tim.o
 .debug_rnglists
                0x000007d6      0x13f ./Drivers/STM32H7xx_HAL_Driver/stm32h7xx_hal_tim_ex.o

.debug_macro    0x00000000    0x360bf
 .debug_macro   0x00000000      0x2b3 ./Application/User/Core/gpio.o
 .debug_macro   0x000002b3      0xaf6 ./Application/User/Core/gpio.o
 .debug_macro   0x00000da9      0x232 ./Application/User/Core/gpio.o
 .debug_macro   0x00000fdb       0x2e ./Application/User/Core/gpio.o
 .debug_macro   0x00001009       0x3b ./Application/User/Core/gpio.o
 .debug_macro   0x00001044       0x22 ./Application/User/Core/gpio.o
 .debug_macro   0x00001066       0x8e ./Application/User/Core/gpio.o
 .debug_macro   0x000010f4       0x51 ./Application/User/Core/gpio.o
 .debug_macro   0x00001145      0x103 ./Application/User/Core/gpio.o
 .debug_macro   0x00001248       0x6a ./Application/User/Core/gpio.o
 .debug_macro   0x000012b2      0x1df ./Application/User/Core/gpio.o
 .debug_macro   0x00001491       0x1c ./Application/User/Core/gpio.o
 .debug_macro   0x000014ad       0x22 ./Application/User/Core/gpio.o
 .debug_macro   0x000014cf       0xfb ./Application/User/Core/gpio.o
 .debug_macro   0x000015ca     0x1313 ./Application/User/Core/gpio.o
 .debug_macro   0x000028dd      0x11f ./Application/User/Core/gpio.o
 .debug_macro   0x000029fc       0x22 ./Application/User/Core/gpio.o
 .debug_macro   0x00002a1e    0x25bb3 ./Application/User/Core/gpio.o
 .debug_macro   0x000285d1       0x6d ./Application/User/Core/gpio.o
 .debug_macro   0x0002863e     0x3d79 ./Application/User/Core/gpio.o
 .debug_macro   0x0002c3b7      0x190 ./Application/User/Core/gpio.o
 .debug_macro   0x0002c547       0x61 ./Application/User/Core/gpio.o
 .debug_macro   0x0002c5a8       0x29 ./Application/User/Core/gpio.o
 .debug_macro   0x0002c5d1       0x43 ./Application/User/Core/gpio.o
 .debug_macro   0x0002c614       0x34 ./Application/User/Core/gpio.o
 .debug_macro   0x0002c648      0x364 ./Application/User/Core/gpio.o
 .debug_macro   0x0002c9ac       0x16 ./Application/User/Core/gpio.o
 .debug_macro   0x0002c9c2       0x4a ./Application/User/Core/gpio.o
 .debug_macro   0x0002ca0c       0x34 ./Application/User/Core/gpio.o
 .debug_macro   0x0002ca40       0x10 ./Application/User/Core/gpio.o
 .debug_macro   0x0002ca50       0x58 ./Application/User/Core/gpio.o
 .debug_macro   0x0002caa8       0x8e ./Application/User/Core/gpio.o
 .debug_macro   0x0002cb36       0x1c ./Application/User/Core/gpio.o
 .debug_macro   0x0002cb52      0x17e ./Application/User/Core/gpio.o
 .debug_macro   0x0002ccd0      0x19b ./Application/User/Core/gpio.o
 .debug_macro   0x0002ce6b       0x5d ./Application/User/Core/gpio.o
 .debug_macro   0x0002cec8     0x2382 ./Application/User/Core/gpio.o
 .debug_macro   0x0002f24a     0x102c ./Application/User/Core/gpio.o
 .debug_macro   0x00030276      0x154 ./Application/User/Core/gpio.o
 .debug_macro   0x000303ca      0x114 ./Application/User/Core/gpio.o
 .debug_macro   0x000304de      0x3b6 ./Application/User/Core/gpio.o
 .debug_macro   0x00030894       0xac ./Application/User/Core/gpio.o
 .debug_macro   0x00030940      0x72d ./Application/User/Core/gpio.o
 .debug_macro   0x0003106d      0x228 ./Application/User/Core/gpio.o
 .debug_macro   0x00031295       0x66 ./Application/User/Core/gpio.o
 .debug_macro   0x000312fb      0x3bb ./Application/User/Core/gpio.o
 .debug_macro   0x000316b6      0x3e4 ./Application/User/Core/gpio.o
 .debug_macro   0x00031a9a      0x275 ./Application/User/Core/gpio.o
 .debug_macro   0x00031d0f      0x3ca ./Application/User/Core/gpio.o
 .debug_macro   0x000320d9      0x408 ./Application/User/Core/gpio.o
 .debug_macro   0x000324e1       0x51 ./Application/User/Core/gpio.o
 .debug_macro   0x00032532       0x4a ./Application/User/Core/gpio.o
 .debug_macro   0x0003257c      0x22c ./Application/User/Core/gpio.o
 .debug_macro   0x000327a8       0x67 ./Application/User/Core/gpio.o
 .debug_macro   0x0003280f       0xa5 ./Application/User/Core/gpio.o
 .debug_macro   0x000328b4      0x1c4 ./Application/User/Core/gpio.o
 .debug_macro   0x00032a78      0x25e ./Application/User/Core/gpio.o
 .debug_macro   0x00032cd6       0x35 ./Application/User/Core/gpio.o
 .debug_macro   0x00032d0b      0xafa ./Application/User/Core/gpio.o
 .debug_macro   0x00033805      0x29f ./Application/User/Core/gpio.o
 .debug_macro   0x00033aa4      0x5ac ./Application/User/Core/gpio.o
 .debug_macro   0x00034050      0x2d9 ./Application/User/Core/main.o
 .debug_macro   0x00034329      0x2a9 ./Application/User/Core/stm32h7xx_hal_msp.o
 .debug_macro   0x000345d2      0x2b3 ./Application/User/Core/stm32h7xx_it.o
 .debug_macro   0x00034885      0x2b3 ./Application/User/Core/tim.o
 .debug_macro   0x00034b38      0x29f ./Drivers/CMSIS/system_stm32h7xx.o
 .debug_macro   0x00034dd7      0x2c9 ./Drivers/STM32H7xx_HAL_Driver/stm32h7xx_hal.o
 .debug_macro   0x000350a0      0x29f ./Drivers/STM32H7xx_HAL_Driver/stm32h7xx_hal_cortex.o
 .debug_macro   0x0003533f      0x2a6 ./Drivers/STM32H7xx_HAL_Driver/stm32h7xx_hal_gpio.o
 .debug_macro   0x000355e5      0x2d8 ./Drivers/STM32H7xx_HAL_Driver/stm32h7xx_hal_pwr_ex.o
 .debug_macro   0x000358bd      0x2c3 ./Drivers/STM32H7xx_HAL_Driver/stm32h7xx_hal_rcc.o
 .debug_macro   0x00035b80      0x2a0 ./Drivers/STM32H7xx_HAL_Driver/stm32h7xx_hal_tim.o
 .debug_macro   0x00035e20      0x29f ./Drivers/STM32H7xx_HAL_Driver/stm32h7xx_hal_tim_ex.o

.debug_line     0x00000000     0xf3b4
 .debug_line    0x00000000      0x9b1 ./Application/User/Core/gpio.o
 .debug_line    0x000009b1      0xaa3 ./Application/User/Core/main.o
 .debug_line    0x00001454      0x9b4 ./Application/User/Core/stm32h7xx_hal_msp.o
 .debug_line    0x00001e08      0xa64 ./Application/User/Core/stm32h7xx_it.o
 .debug_line    0x0000286c      0xaea ./Application/User/Core/tim.o
 .debug_line    0x00003356       0x7b ./Application/User/Startup/startup_stm32h743vitx.o
 .debug_line    0x000033d1      0xbbd ./Drivers/CMSIS/system_stm32h7xx.o
 .debug_line    0x00003f8e      0xf90 ./Drivers/STM32H7xx_HAL_Driver/stm32h7xx_hal.o
 .debug_line    0x00004f1e      0xf73 ./Drivers/STM32H7xx_HAL_Driver/stm32h7xx_hal_cortex.o
 .debug_line    0x00005e91      0xe26 ./Drivers/STM32H7xx_HAL_Driver/stm32h7xx_hal_gpio.o
 .debug_line    0x00006cb7     0x1111 ./Drivers/STM32H7xx_HAL_Driver/stm32h7xx_hal_pwr_ex.o
 .debug_line    0x00007dc8     0x1634 ./Drivers/STM32H7xx_HAL_Driver/stm32h7xx_hal_rcc.o
 .debug_line    0x000093fc     0x4165 ./Drivers/STM32H7xx_HAL_Driver/stm32h7xx_hal_tim.o
 .debug_line    0x0000d561     0x1e53 ./Drivers/STM32H7xx_HAL_Driver/stm32h7xx_hal_tim_ex.o

.debug_str      0x00000000   0x15b1ae
 .debug_str     0x00000000   0x15b1ae ./Application/User/Core/gpio.o
                             0x15747e (size before relaxing)
 .debug_str     0x0015b1ae   0x157d15 ./Application/User/Core/main.o
 .debug_str     0x0015b1ae   0x15747e ./Application/User/Core/stm32h7xx_hal_msp.o
 .debug_str     0x0015b1ae   0x1572dd ./Application/User/Core/stm32h7xx_it.o
 .debug_str     0x0015b1ae   0x157e74 ./Application/User/Core/tim.o
 .debug_str     0x0015b1ae       0x79 ./Application/User/Startup/startup_stm32h743vitx.o
 .debug_str     0x0015b1ae   0x1577f7 ./Drivers/CMSIS/system_stm32h7xx.o
 .debug_str     0x0015b1ae   0x1586c7 ./Drivers/STM32H7xx_HAL_Driver/stm32h7xx_hal.o
 .debug_str     0x0015b1ae   0x158109 ./Drivers/STM32H7xx_HAL_Driver/stm32h7xx_hal_cortex.o
 .debug_str     0x0015b1ae   0x157768 ./Drivers/STM32H7xx_HAL_Driver/stm32h7xx_hal_gpio.o
 .debug_str     0x0015b1ae   0x157c30 ./Drivers/STM32H7xx_HAL_Driver/stm32h7xx_hal_pwr_ex.o
 .debug_str     0x0015b1ae   0x157b4c ./Drivers/STM32H7xx_HAL_Driver/stm32h7xx_hal_rcc.o
 .debug_str     0x0015b1ae   0x1588eb ./Drivers/STM32H7xx_HAL_Driver/stm32h7xx_hal_tim.o
 .debug_str     0x0015b1ae   0x158213 ./Drivers/STM32H7xx_HAL_Driver/stm32h7xx_hal_tim_ex.o

.comment        0x00000000       0x43
 .comment       0x00000000       0x43 ./Application/User/Core/gpio.o
                                 0x44 (size before relaxing)
 .comment       0x00000043       0x44 ./Application/User/Core/main.o
 .comment       0x00000043       0x44 ./Application/User/Core/stm32h7xx_hal_msp.o
 .comment       0x00000043       0x44 ./Application/User/Core/stm32h7xx_it.o
 .comment       0x00000043       0x44 ./Application/User/Core/tim.o
 .comment       0x00000043       0x44 ./Drivers/CMSIS/system_stm32h7xx.o
 .comment       0x00000043       0x44 ./Drivers/STM32H7xx_HAL_Driver/stm32h7xx_hal.o
 .comment       0x00000043       0x44 ./Drivers/STM32H7xx_HAL_Driver/stm32h7xx_hal_cortex.o
 .comment       0x00000043       0x44 ./Drivers/STM32H7xx_HAL_Driver/stm32h7xx_hal_gpio.o
 .comment       0x00000043       0x44 ./Drivers/STM32H7xx_HAL_Driver/stm32h7xx_hal_pwr_ex.o
 .comment       0x00000043       0x44 ./Drivers/STM32H7xx_HAL_Driver/stm32h7xx_hal_rcc.o
 .comment       0x00000043       0x44 ./Drivers/STM32H7xx_HAL_Driver/stm32h7xx_hal_tim.o
 .comment       0x00000043       0x44 ./Drivers/STM32H7xx_HAL_Driver/stm32h7xx_hal_tim_ex.o

.debug_frame    0x00000000     0x2dc0
 .debug_frame   0x00000000       0x34 ./Application/User/Core/gpio.o
 .debug_frame   0x00000034       0x8c ./Application/User/Core/main.o
 .debug_frame   0x000000c0       0x34 ./Application/User/Core/stm32h7xx_hal_msp.o
 .debug_frame   0x000000f4       0xf8 ./Application/User/Core/stm32h7xx_it.o
 .debug_frame   0x000001ec       0xa0 ./Application/User/Core/tim.o
 .debug_frame   0x0000028c       0x60 ./Drivers/CMSIS/system_stm32h7xx.o
 .debug_frame   0x000002ec      0x5e8 ./Drivers/STM32H7xx_HAL_Driver/stm32h7xx_hal.o
 .debug_frame   0x000008d4      0x4b8 ./Drivers/STM32H7xx_HAL_Driver/stm32h7xx_hal_cortex.o
 .debug_frame   0x00000d8c      0x130 ./Drivers/STM32H7xx_HAL_Driver/stm32h7xx_hal_gpio.o
 .debug_frame   0x00000ebc      0x500 ./Drivers/STM32H7xx_HAL_Driver/stm32h7xx_hal_pwr_ex.o
 .debug_frame   0x000013bc      0x1e4 ./Drivers/STM32H7xx_HAL_Driver/stm32h7xx_hal_rcc.o
 .debug_frame   0x000015a0     0x1144 ./Drivers/STM32H7xx_HAL_Driver/stm32h7xx_hal_tim.o
 .debug_frame   0x000026e4      0x690 ./Drivers/STM32H7xx_HAL_Driver/stm32h7xx_hal_tim_ex.o
 .debug_frame   0x00002d74       0x20 F:/Software/Programs/STM32CubeIDE_2.2.0/STM32CubeIDE/plugins/com.st.stm32cube.ide.mcu.externaltools.gnu-tools-for-stm32.14.3.rel1.win32_1.0.100.202602081740/tools/bin/../lib/gcc/arm-none-eabi/14.3.1/../../../../arm-none-eabi/lib/thumb/v7e-m+dp/hard\libc_nano.a(libc_a-memset.o)
 .debug_frame   0x00002d94       0x2c F:/Software/Programs/STM32CubeIDE_2.2.0/STM32CubeIDE/plugins/com.st.stm32cube.ide.mcu.externaltools.gnu-tools-for-stm32.14.3.rel1.win32_1.0.100.202602081740/tools/bin/../lib/gcc/arm-none-eabi/14.3.1/../../../../arm-none-eabi/lib/thumb/v7e-m+dp/hard\libc_nano.a(libc_a-init.o)

.debug_line_str
                0x00000000       0x5d
 .debug_line_str
                0x00000000       0x5d ./Application/User/Startup/startup_stm32h743vitx.o
